// Jest Snapshot v1, https://goo.gl/fbAQLP

exports[`App component renders App 1`] = `
<main>
  <aside
    className="Left"
  >
    <History />
  </aside>
  <article
    className="Right"
  >
    <Header />
    <Form />
    <Display />
  </article>
</main>
`;
